---
source: tests/repl_tests.rs
assertion_line: 697
expression: "lines.join(\"\\n\")"
---
                                                                                                                        
                                                                                                                        
                                                                                                                        
                                                                                                                        
                                                                                                                        
                                                                                                                        
                                                                                                                        
                                                                                                                        
                                                                                                                        
                                                                                                                        
                                                                                                                        
                                                                                                                        
                                                                                                                        
                                                                                                                        
                                                                                                                        
                                   ┌────────────────────────────────────────────────┐                                   
                                   │                                                │                                   
                                   │            ⚠  WAIT! DON'T LEAVE!  ⚠            │                                   
                                   │                                                │                                   
                                   │      Are you sure you want to quit PeakBot?    │                                   
                                   │                                                │                                   
                                   │         [ Yes, leave ]     No, stay            │                                   
                                   │                                                │                                   
                                   └────────────────────────────────────────────────┘
