---
source: tests/repl_tests.rs
assertion_line: 770
expression: "lines.join(\"\\n\")"
---
┌ + TODO ────────────────────┐
│◐ #2 Implement feature      │
│                            │
│                            │
│                            │
│                            │
│                            │
│                            │
│                            │
└────────────────────────────┘
