---
source: tests/repl_tests.rs
expression: "lines.join(\"\\n\")"
---
                                                                                
                                                                                
                                                                                
                                                                                
                                                                                
                                                                                
                                                                                
                                                                                
                                                                                
                                                                                
                                                                                
                                                                                
                                                                                
                                                                                
                                                                                
                                                                                
                                                                                
┌ Commands ────────────────────────────────────────────────┐                    
│  /stats  Show session statistics (tokens, cost)          │                    
└───────────── ↑/↓ · Tab complete · Enter run · Esc cancel ┘
