---
source: tests/repl_tests.rs
assertion_line: 743
expression: "lines.join(\"\\n\")"
---
┌ + TODO ────────────────────┐
│○ #1 Write documentation    │
│                            │
│                            │
│                            │
│                            │
│                            │
│                            │
│                            │
└────────────────────────────┘
