---
source: tests/repl_tests.rs
expression: "lines.join(\"\\n\")"
---
┌ ✓ TODO ────────────────────┐
│○ #1 Write documentation    │
│                            │
│                            │
│                            │
│                            │
│                            │
│                            │
│                            │
└────────────────────────────┘
