---
source: tests/repl_tests.rs
expression: "lines.join(\"\\n\")"
---
┌ Chat Messages ──────────────────────────────────────────┐▲
│Welcome to PeakBot! Start a conversation or use /help for│█
│commands.                                                │█
│                                                         │█
│                                                         │█
│                                                         │█
│                                                         │║
│                                                         │║
└─────────────────────────────────────────────────────────┘▼
