---
source: tests/repl_tests.rs
expression: "lines.join(\"\\n\")"
---
┌ ✓ TODO ────────────────────┐
│● #3 Fix bug                │
│                            │
│                            │
│                            │
│                            │
│                            │
│                            │
│                            │
└────────────────────────────┘
