---
source: tests/repl_tests.rs
assertion_line: 797
expression: "lines.join(\"\\n\")"
---
┌ + TODO ────────────────────┐
│● #3 Fix bug                │
│                            │
│                            │
│                            │
│                            │
│                            │
│                            │
│                            │
└────────────────────────────┘
