---
source: tests/repl_tests.rs
assertion_line: 155
expression: "lines.join(\"\\n\")"
---
┌ Chat Messages ──────────────────────────────────────────┐▲
│✨  PeakBot v0.2.0                                        │█
│Start a conversation or use /help for commands.          │█
│                                                         │█
│                                                         │█
│                                                         │█
│                                                         │║
│                                                         │║
└───────────────── Ctrl+C exit · Ctrl+T tasks · F4 select ┘▼
