---
source: tests/repl_tests.rs
expression: "lines.join(\"\\n\")"
---
┌ Input ───────────────────────────────────────────────────┐
│> first                                                   │
│se█cond                                                   │
│third                                                     │
│                                                          │
└────────────────── Shift/Alt+Enter: newline · Enter: send ┘
