---
source: tests/repl_tests.rs
assertion_line: 175
expression: "lines.join(\"\\n\")"
---
┌ Chat Messages ──────────────────────────────────────────┐▲
│✨  PeakBot vX.Y.Z                                        │█
│Start a conversation or use /help for commands.          │█
│                                                         │█
│                                                         │█
│                                                         │█
│                                                         │║
│                                                         │║
└ · Ctrl+T tasks · Ctrl+B bash · F4 select · Ctrl+G multi ┘▼
