---
source: tests/repl_tests.rs
expression: "lines.join(\"\\n\")"
---
┌ Input ───────────────────────────────────────────────────┐
│> a█bc                                                    │
│def                                                       │
│                                                          │
└────────────────── Shift/Alt+Enter: newline · Enter: send ┘
