---
source: tests/repl_tests.rs
expression: "lines.join(\"\\n\")"
---
┌ Input ───────────────────────────────────────────────────┐
│> abc                                                     │
│█                                                         │
│                                                          │
└────────────────── Shift/Alt+Enter: newline · Enter: send ┘
