---
source: tests/repl_tests.rs
expression: "lines.join(\"\\n\")"
---
┌ Chat Messages ──────────────────────────────────────────┐▲
│[12:00:00] 🤖  Agent: Hi there!                           │█
│                                                         │█
│                                                         │█
│                                                         │█
│                                                         │█
│                                                         │█
│                                                         │█
└─────────────────────────────────────────────────────────┘▼
